#
# There is insufficient memory for the Java Runtime Environment to continue.
# Native memory allocation (malloc) failed to allocate 1048576 bytes. Error detail: AllocateHeap
# Possible reasons:
#   The system is out of physical RAM or swap space
#   This process is running with CompressedOops enabled, and the Java Heap may be blocking the growth of the native heap
# Possible solutions:
#   Reduce memory load on the system
#   Increase physical memory or swap space
#   Check if swap backing store is full
#   Decrease Java heap size (-Xmx/-Xms)
#   Decrease number of Java threads
#   Decrease Java thread stack sizes (-Xss)
#   Set larger code cache with -XX:ReservedCodeCacheSize=
#   JVM is running with Unscaled Compressed Oops mode in which the Java heap is
#     placed in the first 4GB address space. The Java Heap base address is the
#     maximum limit for the native heap growth. Please use -XX:HeapBaseMinAddress
#     to set the Java Heap base and to place the Java Heap above 4GB virtual address.
# This output file may be truncated or incomplete.
#
#  Out of Memory Error (allocation.cpp:44), pid=40908, tid=28756
#
# JRE version: OpenJDK Runtime Environment Temurin-21.0.11+10 (21.0.11+10) (build 21.0.11+10-LTS)
# Java VM: OpenJDK 64-Bit Server VM Temurin-21.0.11+10 (21.0.11+10-LTS, mixed mode, sharing, tiered, compressed oops, compressed class ptrs, parallel gc, windows-amd64)
# No core dump will be written. Minidumps are not enabled by default on client versions of Windows
#

---------------  S U M M A R Y ------------

Command Line: --add-modules=ALL-SYSTEM --add-opens=java.base/java.util=ALL-UNNAMED --add-opens=java.base/java.lang=ALL-UNNAMED --add-opens=java.base/sun.nio.fs=ALL-UNNAMED -Declipse.application=org.eclipse.jdt.ls.core.id1 -Dosgi.bundles.defaultStartLevel=4 -Declipse.product=org.eclipse.jdt.ls.core.product -Djava.import.generatesMetadataFilesAtProjectRoot=false -DDetectVMInstallationsJob.disabled=true -Dfile.encoding=utf8 -XX:+UseParallelGC -XX:GCTimeRatio=4 -XX:AdaptiveSizePolicyWeight=90 -Dsun.zip.disableMemoryMapping=true -Xmx2G -Xms100m -Xlog:disable -javaagent:c:\Users\mguel\.vscode\extensions\redhat.java-1.55.0-win32-x64\lombok\lombok-1.18.39-4050.jar -XX:+HeapDumpOnOutOfMemoryError -XX:HeapDumpPath=c:\Users\mguel\AppData\Roaming\Code\User\workspaceStorage\75eb1f378d54a9caaceb6dd2021d188e\redhat.java -Daether.dependencyCollector.impl=bf c:\Users\mguel\.vscode\extensions\redhat.java-1.55.0-win32-x64\server\plugins\org.eclipse.equinox.launcher_1.7.200.v20260619-2039.jar -configuration c:\Users\mguel\AppData\Roaming\Code\User\globalStorage\redhat.java\1.55.0\config_win -data c:\Users\mguel\AppData\Roaming\Code\User\workspaceStorage\75eb1f378d54a9caaceb6dd2021d188e\redhat.java\jdt_ws --pipe=\\.\pipe\lsp-76847d1a36a28a435356e96744392c63-sock

Host: AMD Ryzen 5 5600H with Radeon Graphics         , 12 cores, 7G,  Windows 11 , 64 bit Build 26100 (10.0.26100.9168)
Time: Thu Sep 10 13:42:10 2026 Hora est. Pacífico, Sudamérica elapsed time: 742410.182490 seconds (8d 14h 13m 30s)

---------------  T H R E A D  ---------------

Current thread (0x0000025765c80d00):  JavaThread "Attach Listener" daemon [_thread_in_vm, id=28756, stack(0x0000006bdcc00000,0x0000006bdcd00000) (1024K)]

Stack: [0x0000006bdcc00000,0x0000006bdcd00000]
Native frames: (J=compiled Java code, j=interpreted, Vv=VM code, C=native code)
V  [jvm.dll+0x6d7e19]
V  [jvm.dll+0x8b5096]
V  [jvm.dll+0x8b764e]
V  [jvm.dll+0x8b7d33]
V  [jvm.dll+0x284596]
V  [jvm.dll+0xc13c7]
V  [jvm.dll+0x6d86c9]
V  [jvm.dll+0x133616]
V  [jvm.dll+0x3f868e]
V  [jvm.dll+0x85fb0d]
V  [jvm.dll+0x6d664d]
C  [ucrtbase.dll+0x2cd30]
C  [KERNEL32.DLL+0x2ccb7]
C  [ntdll.dll+0xaad6c]


---------------  P R O C E S S  ---------------

Threads class SMR info:
_java_thread_list=0x0000025748120d00, length=39, elements={
0x0000025765cf03c0, 0x0000025765c76f60, 0x0000025765c7bbb0, 0x0000025765c80170,
0x0000025765c80d00, 0x0000025765c82030, 0x0000025765c8a280, 0x000002577d9f6a60,
0x000002577d9fc7f0, 0x000002577dbe4960, 0x000002577dbcc1d0, 0x000002577f019ab0,
0x000002577ef97040, 0x000002577efe5210, 0x000002577db6f090, 0x00000257455dfb40,
0x000002577dbe3db0, 0x0000025745175f70, 0x00000257453ed720, 0x00000257453eddb0,
0x00000257453ef7f0, 0x00000257453ee440, 0x00000257454699a0, 0x00000257454685f0,
0x000002574546b3e0, 0x0000025745467f60, 0x0000025745468c80, 0x000002574546ba70,
0x000002574546c100, 0x000002574546a030, 0x000002574546a6c0, 0x000002574546ad50,
0x000002574546c790, 0x0000025745469310, 0x000002574546ce20, 0x000002574546f580,
0x00000257473421a0, 0x000002574546e860, 0x0000025747b36210
}

Java Threads: ( => current thread )
  0x0000025765cf03c0 JavaThread "main"                              [_thread_blocked, id=43448, stack(0x0000006bdc500000,0x0000006bdc600000) (1024K)]
  0x0000025765c76f60 JavaThread "Reference Handler"          daemon [_thread_blocked, id=14312, stack(0x0000006bdc900000,0x0000006bdca00000) (1024K)]
  0x0000025765c7bbb0 JavaThread "Finalizer"                  daemon [_thread_blocked, id=31184, stack(0x0000006bdca00000,0x0000006bdcb00000) (1024K)]
  0x0000025765c80170 JavaThread "Signal Dispatcher"          daemon [_thread_blocked, id=16092, stack(0x0000006bdcb00000,0x0000006bdcc00000) (1024K)]
=>0x0000025765c80d00 JavaThread "Attach Listener"            daemon [_thread_in_vm, id=28756, stack(0x0000006bdcc00000,0x0000006bdcd00000) (1024K)]
  0x0000025765c82030 JavaThread "Service Thread"             daemon [_thread_blocked, id=21460, stack(0x0000006bdcd00000,0x0000006bdce00000) (1024K)]
  0x0000025765c8a280 JavaThread "Monitor Deflation Thread"   daemon [_thread_blocked, id=21496, stack(0x0000006bdce00000,0x0000006bdcf00000) (1024K)]
  0x000002577d9f6a60 JavaThread "C2 CompilerThread0"         daemon [_thread_blocked, id=12296, stack(0x0000006bdcf00000,0x0000006bdd000000) (1024K)]
  0x000002577d9fc7f0 JavaThread "C1 CompilerThread0"         daemon [_thread_blocked, id=19044, stack(0x0000006bdd000000,0x0000006bdd100000) (1024K)]
  0x000002577dbe4960 JavaThread "Common-Cleaner"             daemon [_thread_blocked, id=34620, stack(0x0000006bdd200000,0x0000006bdd300000) (1024K)]
  0x000002577dbcc1d0 JavaThread "Notification Thread"        daemon [_thread_blocked, id=6952, stack(0x0000006bdd100000,0x0000006bdd200000) (1024K)]
  0x000002577f019ab0 JavaThread "Active Thread: Equinox Container: 1e7b2fcf-8129-494a-949c-76b583276be6"        [_thread_blocked, id=19908, stack(0x0000006bdd900000,0x0000006bdda00000) (1024K)]
  0x000002577ef97040 JavaThread "Refresh Thread: Equinox Container: 1e7b2fcf-8129-494a-949c-76b583276be6" daemon [_thread_blocked, id=37748, stack(0x0000006bddb00000,0x0000006bddc00000) (1024K)]
  0x000002577efe5210 JavaThread "Framework Event Dispatcher: Equinox Container: 1e7b2fcf-8129-494a-949c-76b583276be6" daemon [_thread_blocked, id=38900, stack(0x0000006bddc00000,0x0000006bddd00000) (1024K)]
  0x000002577db6f090 JavaThread "Start Level: Equinox Container: 1e7b2fcf-8129-494a-949c-76b583276be6" daemon [_thread_blocked, id=12988, stack(0x0000006bddd00000,0x0000006bdde00000) (1024K)]
  0x00000257455dfb40 JavaThread "Bundle File Closer"         daemon [_thread_blocked, id=22328, stack(0x0000006bdde00000,0x0000006bddf00000) (1024K)]
  0x000002577dbe3db0 JavaThread "SCR Component Actor"        daemon [_thread_blocked, id=5712, stack(0x0000006bde100000,0x0000006bde200000) (1024K)]
  0x0000025745175f70 JavaThread "Worker-JM"                         [_thread_blocked, id=14320, stack(0x0000006bde300000,0x0000006bde400000) (1024K)]
  0x00000257453ed720 JavaThread "JNA Cleaner"                daemon [_thread_blocked, id=30936, stack(0x0000006bde200000,0x0000006bde300000) (1024K)]
  0x00000257453eddb0 JavaThread "Java indexing"              daemon [_thread_blocked, id=30288, stack(0x0000006bde700000,0x0000006bde800000) (1024K)]
  0x00000257453ef7f0 JavaThread "Thread-1"                   daemon [_thread_in_native, id=28400, stack(0x0000006bded00000,0x0000006bdee00000) (1024K)]
  0x00000257453ee440 JavaThread "Thread-2"                   daemon [_thread_in_native, id=11652, stack(0x0000006bdee00000,0x0000006bdef00000) (1024K)]
  0x00000257454699a0 JavaThread "Thread-3"                   daemon [_thread_in_native, id=42240, stack(0x0000006bdef00000,0x0000006bdf000000) (1024K)]
  0x00000257454685f0 JavaThread "Thread-4"                   daemon [_thread_in_native, id=14648, stack(0x0000006bdf000000,0x0000006bdf100000) (1024K)]
  0x000002574546b3e0 JavaThread "Thread-5"                   daemon [_thread_in_native, id=20064, stack(0x0000006bdf100000,0x0000006bdf200000) (1024K)]
  0x0000025745467f60 JavaThread "Thread-6"                   daemon [_thread_in_native, id=36740, stack(0x0000006bdf200000,0x0000006bdf300000) (1024K)]
  0x0000025745468c80 JavaThread "Thread-7"                   daemon [_thread_in_native, id=43436, stack(0x0000006bdf300000,0x0000006bdf400000) (1024K)]
  0x000002574546ba70 JavaThread "Thread-8"                   daemon [_thread_in_native, id=15840, stack(0x0000006bdf400000,0x0000006bdf500000) (1024K)]
  0x000002574546c100 JavaThread "Thread-9"                   daemon [_thread_in_native, id=40368, stack(0x0000006bdf500000,0x0000006bdf600000) (1024K)]
  0x000002574546a030 JavaThread "Thread-10"                  daemon [_thread_in_native, id=41296, stack(0x0000006bdf600000,0x0000006bdf700000) (1024K)]
  0x000002574546a6c0 JavaThread "Thread-11"                  daemon [_thread_in_native, id=15260, stack(0x0000006bdf700000,0x0000006bdf800000) (1024K)]
  0x000002574546ad50 JavaThread "Thread-12"                  daemon [_thread_in_native, id=25420, stack(0x0000006bdf800000,0x0000006bdf900000) (1024K)]
  0x000002574546c790 JavaThread "Thread-13"                  daemon [_thread_in_native, id=27540, stack(0x0000006bdf900000,0x0000006bdfa00000) (1024K)]
  0x0000025745469310 JavaThread "pool-2-thread-1"                   [_thread_blocked, id=10412, stack(0x0000006bdfa00000,0x0000006bdfb00000) (1024K)]
  0x000002574546ce20 JavaThread "WorkspaceEventsHandler"            [_thread_blocked, id=13028, stack(0x0000006bdfb00000,0x0000006bdfc00000) (1024K)]
  0x000002574546f580 JavaThread "pool-1-thread-1"                   [_thread_blocked, id=42052, stack(0x0000006bdfc00000,0x0000006bdfd00000) (1024K)]
  0x00000257473421a0 JavaThread "Cleaner-0"                  daemon [_thread_blocked, id=14816, stack(0x0000006be0900000,0x0000006be0a00000) (1024K)]
  0x000002574546e860 JavaThread "Worker-21"                         [_thread_blocked, id=36844, stack(0x0000006bde800000,0x0000006bde900000) (1024K)]
  0x0000025747b36210 JavaThread "Worker-24"                         [_thread_blocked, id=25576, stack(0x0000006bdc300000,0x0000006bdc400000) (1024K)]
Total: 39

Other Threads:
  0x0000025765d86fd0 VMThread "VM Thread"                           [id=16504, stack(0x0000006bdc800000,0x0000006bdc900000) (1024K)]
  0x0000025765b6ca00 WatcherThread "VM Periodic Task Thread"        [id=37792, stack(0x0000006bdc700000,0x0000006bdc800000) (1024K)]
  0x0000025765d079a0 WorkerThread "GC Thread#0"                     [id=35276, stack(0x0000006bdc600000,0x0000006bdc700000) (1024K)]
  0x000002577dd86050 WorkerThread "GC Thread#1"                     [id=32128, stack(0x0000006bdd300000,0x0000006bdd400000) (1024K)]
  0x000002577ea82e10 WorkerThread "GC Thread#2"                     [id=37308, stack(0x0000006bdd400000,0x0000006bdd500000) (1024K)]
  0x000002577ea831c0 WorkerThread "GC Thread#3"                     [id=43520, stack(0x0000006bdd500000,0x0000006bdd600000) (1024K)]
  0x000002577ebd0240 WorkerThread "GC Thread#4"                     [id=14236, stack(0x0000006bdd600000,0x0000006bdd700000) (1024K)]
  0x000002577ebd05f0 WorkerThread "GC Thread#5"                     [id=27972, stack(0x0000006bdd700000,0x0000006bdd800000) (1024K)]
  0x000002577ebd09a0 WorkerThread "GC Thread#6"                     [id=22968, stack(0x0000006bdd800000,0x0000006bdd900000) (1024K)]
  0x000002577daf2d60 WorkerThread "GC Thread#7"                     [id=42444, stack(0x0000006bdda00000,0x0000006bddb00000) (1024K)]
  0x000002577dd1d270 WorkerThread "GC Thread#8"                     [id=21720, stack(0x0000006bddf00000,0x0000006bde000000) (1024K)]
  0x000002577dd1d620 WorkerThread "GC Thread#9"                     [id=4968, stack(0x0000006bde000000,0x0000006bde100000) (1024K)]
Total: 12

Threads with active compile tasks:
Total: 0

VM state: not at safepoint (normal execution)

VM Mutex/Monitor currently owned by a thread: None

Heap address: 0x0000000080000000, size: 2048 MB, Compressed Oops mode: 32-bit

CDS archive(s) mapped at: [0x0000025700000000-0x0000025700ba0000-0x0000025700ba0000), size 12189696, SharedBaseAddress: 0x0000025700000000, ArchiveRelocationMode: 1.
Compressed class space mapped at: 0x0000025701000000-0x0000025741000000, reserved size: 1073741824
Narrow klass base: 0x0000025700000000, Narrow klass shift: 0, Narrow klass range: 0x100000000

GC Precious Log:
 CardTable entry size: 512
 CPUs: 12 total, 12 available
 Memory: 7581M
 Large Page Support: Disabled
 NUMA Support: Disabled
 Compressed Oops: Enabled (32-bit)
 Alignments: Space 512K, Generation 512K, Heap 2M
 Heap Min Capacity: 100M
 Heap Initial Capacity: 100M
 Heap Max Capacity: 2G
 Pre-touch: Disabled
 Parallel Workers: 10

Heap:
 PSYoungGen      total 11264K, used 4165K [0x00000000d5580000, 0x00000000d6500000, 0x0000000100000000)
  eden space 7680K, 13% used [0x00000000d5580000,0x00000000d568a348,0x00000000d5d00000)
  from space 3584K, 86% used [0x00000000d5d00000,0x00000000d6007340,0x00000000d6080000)
  to   space 4096K, 0% used [0x00000000d6100000,0x00000000d6100000,0x00000000d6500000)
 ParOldGen       total 633344K, used 632962K [0x0000000080000000, 0x00000000a6a80000, 0x00000000d5580000)
  object space 633344K, 99% used [0x0000000080000000,0x00000000a6a209e0,0x00000000a6a80000)
 Metaspace       used 83579K, committed 85248K, reserved 1179648K
  class space    used 8648K, committed 9408K, reserved 1048576K

Card table byte_map: [0x0000025765680000,0x0000025765a90000] _byte_map_base: 0x0000025765280000

Marking Bits: (ParMarkBitMap*) 0x00007ffbf7d54460
 Begin Bits: [0x0000025778190000, 0x000002577a190000)
 End Bits:   [0x000002577a190000, 0x000002577c190000)

Polling page: 0x0000025763aa0000

Metaspace:

Usage:
  Non-class:     73.17 MB used.
      Class:      8.45 MB used.
       Both:     81.62 MB used.

Virtual space:
  Non-class space:      128.00 MB reserved,      74.06 MB ( 58%) committed,  2 nodes.
      Class space:        1.00 GB reserved,       9.19 MB ( <1%) committed,  1 nodes.
             Both:        1.12 GB reserved,      83.25 MB (  7%) committed. 

Chunk freelists:
   Non-Class:  5.90 MB
       Class:  6.66 MB
        Both:  12.56 MB

MaxMetaspaceSize: unlimited
CompressedClassSpaceSize: 1.00 GB
Initial GC threshold: 21.00 MB
Current GC threshold: 130.75 MB
CDS: on
 - commit_granule_bytes: 65536.
 - commit_granule_words: 8192.
 - virtual_space_node_default_size: 8388608.
 - enlarge_chunks_in_place: 1.
 - use_allocation_guard: 0.


Internal statistics:

num_allocs_failed_limit: 11.
num_arena_births: 1676.
num_arena_deaths: 480.
num_vsnodes_births: 3.
num_vsnodes_deaths: 0.
num_space_committed: 1332.
num_space_uncommitted: 0.
num_chunks_returned_to_freelist: 592.
num_chunks_taken_from_freelist: 5855.
num_chunk_merges: 174.
num_chunk_splits: 3348.
num_chunks_enlarged: 1814.
num_inconsistent_stats: 0.

CodeHeap 'non-profiled nmethods': size=120000Kb used=14620Kb max_used=14620Kb free=105379Kb
 bounds [0x00000257709b0000, 0x0000025771800000, 0x0000025777ee0000]
CodeHeap 'profiled nmethods': size=120000Kb used=38476Kb max_used=38476Kb free=81523Kb
 bounds [0x0000025768ee0000, 0x000002576b480000, 0x0000025770410000]
CodeHeap 'non-nmethods': size=5760Kb used=1504Kb max_used=1589Kb free=4255Kb
 bounds [0x0000025770410000, 0x0000025770680000, 0x00000257709b0000]
CodeCache: size=245760Kb, used=54600Kb, max_used=54685Kb, free=191157Kb
 total_blobs=17296, nmethods=16470, adapters=731, full_count=0
Compilation: enabled, stopped_count=0, restarted_count=0

Compilation events (20 events):
Event: 681574.290 Thread 0x000002577d9f6a60 18127   !   4       java.util.concurrent.ScheduledThreadPoolExecutor$DelayedWorkQueue::offer (123 bytes)
Event: 681574.342 Thread 0x000002577d9f6a60 nmethod 18127 0x00000257717f3e90 code [0x00000257717f40c0, 0x00000257717f4638]
Event: 681594.296 Thread 0x000002577d9f6a60 18128       4       java.util.concurrent.ScheduledThreadPoolExecutor$ScheduledFutureTask::run (57 bytes)
Event: 681594.372 Thread 0x000002577d9f6a60 nmethod 18128 0x00000257717f4b90 code [0x00000257717f4e40, 0x00000257717f5998]
Event: 681594.372 Thread 0x000002577d9f6a60 18129   !   4       java.util.concurrent.FutureTask::runAndReset (125 bytes)
Event: 681594.377 Thread 0x000002577d9f6a60 nmethod 18129 0x00000257717f6590 code [0x00000257717f6760, 0x00000257717f69f0]
Event: 682284.840 Thread 0x000002577d9f6a60 18130       4       java.util.concurrent.ThreadPoolExecutor::runStateAtLeast (11 bytes)
Event: 682284.841 Thread 0x000002577d9f6a60 nmethod 18130 0x00000257717f6c90 code [0x00000257717f6e00, 0x00000257717f6e78]
Event: 682736.077 Thread 0x000002577d9fc7f0 18131       3       org.eclipse.core.internal.jobs.DeadlockDetector::indexOf (43 bytes)
Event: 682736.103 Thread 0x000002577d9fc7f0 nmethod 18131 0x000002576b470810 code [0x000002576b4709e0, 0x000002576b470e88]
Event: 683636.143 Thread 0x000002577d9fc7f0 18132       3       org.eclipse.core.internal.jobs.DeadlockDetector::indexOf (43 bytes)
Event: 683636.157 Thread 0x000002577d9fc7f0 nmethod 18132 0x000002576b471010 code [0x000002576b4711e0, 0x000002576b471688]
Event: 686336.405 Thread 0x000002577d9fc7f0 18133       3       org.eclipse.core.internal.jobs.JobManager::schedule (15 bytes)
Event: 686336.434 Thread 0x000002577d9fc7f0 nmethod 18133 0x000002576b471810 code [0x000002576b471a20, 0x000002576b472020]
Event: 689036.641 Thread 0x000002577d9fc7f0 18134   !   3       org.eclipse.core.internal.jobs.JobManager::shouldRun (34 bytes)
Event: 689036.673 Thread 0x000002577d9fc7f0 nmethod 18134 0x000002576b472310 code [0x000002576b472520, 0x000002576b472a40]
Event: 689036.673 Thread 0x000002577d9fc7f0 18135       3       org.eclipse.core.internal.jobs.JobListeners::queueAboutToRun (17 bytes)
Event: 689036.680 Thread 0x000002577d9fc7f0 nmethod 18135 0x000002576b472c90 code [0x000002576b472e60, 0x000002576b473158]
Event: 689036.680 Thread 0x000002577d9fc7f0 18136       1       org.eclipse.core.internal.jobs.InternalJob::internalSetPriority (6 bytes)
Event: 689036.680 Thread 0x000002577d9fc7f0 nmethod 18136 0x00000257717f6f90 code [0x00000257717f7120, 0x00000257717f71e8]

GC Heap History (20 events):
Event: 86986.227 GC heap before
{Heap before GC invocations=708 (full 4):
 PSYoungGen      total 11264K, used 11244K [0x00000000d5580000, 0x00000000d7100000, 0x0000000100000000)
  eden space 7168K, 100% used [0x00000000d5580000,0x00000000d5c80000,0x00000000d5c80000)
  from space 4096K, 99% used [0x00000000d5c80000,0x00000000d607b0b0,0x00000000d6080000)
  to   space 10240K, 0% used [0x00000000d6700000,0x00000000d6700000,0x00000000d7100000)
 ParOldGen       total 615424K, used 614942K [0x0000000080000000, 0x00000000a5900000, 0x00000000d5580000)
  object space 615424K, 99% used [0x0000000080000000,0x00000000a5887a70,0x00000000a5900000)
 Metaspace       used 79737K, committed 81408K, reserved 1179648K
  class space    used 8161K, committed 9024K, reserved 1048576K
}
Event: 86986.235 GC heap after
{Heap after GC invocations=708 (full 4):
 PSYoungGen      total 15360K, used 6174K [0x00000000d5580000, 0x00000000d6d80000, 0x0000000100000000)
  eden space 8704K, 0% used [0x00000000d5580000,0x00000000d5580000,0x00000000d5e00000)
  from space 6656K, 92% used [0x00000000d6700000,0x00000000d6d07ba8,0x00000000d6d80000)
  to   space 7168K, 0% used [0x00000000d5f80000,0x00000000d5f80000,0x00000000d6680000)
 ParOldGen       total 619520K, used 619070K [0x0000000080000000, 0x00000000a5d00000, 0x00000000d5580000)
  object space 619520K, 99% used [0x0000000080000000,0x00000000a5c8f9d0,0x00000000a5d00000)
 Metaspace       used 79737K, committed 81408K, reserved 1179648K
  class space    used 8161K, committed 9024K, reserved 1048576K
}
Event: 86986.422 GC heap before
{Heap before GC invocations=709 (full 4):
 PSYoungGen      total 15360K, used 14875K [0x00000000d5580000, 0x00000000d6d80000, 0x0000000100000000)
  eden space 8704K, 99% used [0x00000000d5580000,0x00000000d5dff2a8,0x00000000d5e00000)
  from space 6656K, 92% used [0x00000000d6700000,0x00000000d6d07ba8,0x00000000d6d80000)
  to   space 7168K, 0% used [0x00000000d5f80000,0x00000000d5f80000,0x00000000d6680000)
 ParOldGen       total 619520K, used 619070K [0x0000000080000000, 0x00000000a5d00000, 0x00000000d5580000)
  object space 619520K, 99% used [0x0000000080000000,0x00000000a5c8f9d0,0x00000000a5d00000)
 Metaspace       used 79763K, committed 81472K, reserved 1179648K
  class space    used 8161K, committed 9024K, reserved 1048576K
}
Event: 86986.430 GC heap after
{Heap after GC invocations=709 (full 4):
 PSYoungGen      total 10240K, used 1088K [0x00000000d5580000, 0x00000000d6780000, 0x0000000100000000)
  eden space 8704K, 0% used [0x00000000d5580000,0x00000000d5580000,0x00000000d5e00000)
  from space 1536K, 70% used [0x00000000d5f80000,0x00000000d6090020,0x00000000d6100000)
  to   space 3584K, 0% used [0x00000000d6400000,0x00000000d6400000,0x00000000d6780000)
 ParOldGen       total 625152K, used 625118K [0x0000000080000000, 0x00000000a6280000, 0x00000000d5580000)
  object space 625152K, 99% used [0x0000000080000000,0x00000000a6277b40,0x00000000a6280000)
 Metaspace       used 79763K, committed 81472K, reserved 1179648K
  class space    used 8161K, committed 9024K, reserved 1048576K
}
Event: 87166.336 GC heap before
{Heap before GC invocations=710 (full 4):
 PSYoungGen      total 10240K, used 9792K [0x00000000d5580000, 0x00000000d6780000, 0x0000000100000000)
  eden space 8704K, 100% used [0x00000000d5580000,0x00000000d5e00000,0x00000000d5e00000)
  from space 1536K, 70% used [0x00000000d5f80000,0x00000000d6090020,0x00000000d6100000)
  to   space 3584K, 0% used [0x00000000d6400000,0x00000000d6400000,0x00000000d6780000)
 ParOldGen       total 625152K, used 625118K [0x0000000080000000, 0x00000000a6280000, 0x00000000d5580000)
  object space 625152K, 99% used [0x0000000080000000,0x00000000a6277b40,0x00000000a6280000)
 Metaspace       used 79801K, committed 81472K, reserved 1179648K
  class space    used 8161K, committed 9024K, reserved 1048576K
}
Event: 87166.606 GC heap after
{Heap after GC invocations=710 (full 4):
 PSYoungGen      total 9216K, used 474K [0x00000000d5580000, 0x00000000d6480000, 0x0000000100000000)
  eden space 8704K, 0% used [0x00000000d5580000,0x00000000d5580000,0x00000000d5e00000)
  from space 512K, 92% used [0x00000000d6400000,0x00000000d6476920,0x00000000d6480000)
  to   space 1536K, 0% used [0x00000000d6180000,0x00000000d6180000,0x00000000d6300000)
 ParOldGen       total 626176K, used 625902K [0x0000000080000000, 0x00000000a6380000, 0x00000000d5580000)
  object space 626176K, 99% used [0x0000000080000000,0x00000000a633bb40,0x00000000a6380000)
 Metaspace       used 79801K, committed 81472K, reserved 1179648K
  class space    used 8161K, committed 9024K, reserved 1048576K
}
Event: 87172.058 GC heap before
{Heap before GC invocations=711 (full 4):
 PSYoungGen      total 9216K, used 9178K [0x00000000d5580000, 0x00000000d6480000, 0x0000000100000000)
  eden space 8704K, 99% used [0x00000000d5580000,0x00000000d5dfff90,0x00000000d5e00000)
  from space 512K, 92% used [0x00000000d6400000,0x00000000d6476920,0x00000000d6480000)
  to   space 1536K, 0% used [0x00000000d6180000,0x00000000d6180000,0x00000000d6300000)
 ParOldGen       total 626176K, used 625902K [0x0000000080000000, 0x00000000a6380000, 0x00000000d5580000)
  object space 626176K, 99% used [0x0000000080000000,0x00000000a633bb40,0x00000000a6380000)
 Metaspace       used 80163K, committed 81792K, reserved 1179648K
  class space    used 8185K, committed 9024K, reserved 1048576K
}
Event: 87172.062 GC heap after
{Heap after GC invocations=711 (full 4):
 PSYoungGen      total 10240K, used 384K [0x00000000d5580000, 0x00000000d6480000, 0x0000000100000000)
  eden space 8704K, 0% used [0x00000000d5580000,0x00000000d5580000,0x00000000d5e00000)
  from space 1536K, 25% used [0x00000000d6180000,0x00000000d61e0000,0x00000000d6300000)
  to   space 512K, 0% used [0x00000000d6400000,0x00000000d6400000,0x00000000d6480000)
 ParOldGen       total 626176K, used 626174K [0x0000000080000000, 0x00000000a6380000, 0x00000000d5580000)
  object space 626176K, 99% used [0x0000000080000000,0x00000000a637fb60,0x00000000a6380000)
 Metaspace       used 80163K, committed 81792K, reserved 1179648K
  class space    used 8185K, committed 9024K, reserved 1048576K
}
Event: 87173.736 GC heap before
{Heap before GC invocations=712 (full 4):
 PSYoungGen      total 10240K, used 9088K [0x00000000d5580000, 0x00000000d6480000, 0x0000000100000000)
  eden space 8704K, 100% used [0x00000000d5580000,0x00000000d5e00000,0x00000000d5e00000)
  from space 1536K, 25% used [0x00000000d6180000,0x00000000d61e0000,0x00000000d6300000)
  to   space 512K, 0% used [0x00000000d6400000,0x00000000d6400000,0x00000000d6480000)
 ParOldGen       total 626176K, used 626174K [0x0000000080000000, 0x00000000a6380000, 0x00000000d5580000)
  object space 626176K, 99% used [0x0000000080000000,0x00000000a637fb60,0x00000000a6380000)
 Metaspace       used 81213K, committed 82816K, reserved 1179648K
  class space    used 8327K, committed 9024K, reserved 1048576K
}
Event: 87173.741 GC heap after
{Heap after GC invocations=712 (full 4):
 PSYoungGen      total 9216K, used 507K [0x00000000d5580000, 0x00000000d6480000, 0x0000000100000000)
  eden space 8704K, 0% used [0x00000000d5580000,0x00000000d5580000,0x00000000d5e00000)
  from space 512K, 99% used [0x00000000d6400000,0x00000000d647ee50,0x00000000d6480000)
  to   space 1024K, 0% used [0x00000000d6280000,0x00000000d6280000,0x00000000d6380000)
 ParOldGen       total 626688K, used 626311K [0x0000000080000000, 0x00000000a6400000, 0x00000000d5580000)
  object space 626688K, 99% used [0x0000000080000000,0x00000000a63a1c20,0x00000000a6400000)
 Metaspace       used 81213K, committed 82816K, reserved 1179648K
  class space    used 8327K, committed 9024K, reserved 1048576K
}
Event: 87173.936 GC heap before
{Heap before GC invocations=713 (full 4):
 PSYoungGen      total 9216K, used 9208K [0x00000000d5580000, 0x00000000d6480000, 0x0000000100000000)
  eden space 8704K, 99% used [0x00000000d5580000,0x00000000d5dff370,0x00000000d5e00000)
  from space 512K, 99% used [0x00000000d6400000,0x00000000d647ee50,0x00000000d6480000)
  to   space 1024K, 0% used [0x00000000d6280000,0x00000000d6280000,0x00000000d6380000)
 ParOldGen       total 626688K, used 626311K [0x0000000080000000, 0x00000000a6400000, 0x00000000d5580000)
  object space 626688K, 99% used [0x0000000080000000,0x00000000a63a1c20,0x00000000a6400000)
 Metaspace       used 82810K, committed 84416K, reserved 1179648K
  class space    used 8539K, committed 9280K, reserved 1048576K
}
Event: 87173.939 GC heap after
{Heap after GC invocations=713 (full 4):
 PSYoungGen      total 9728K, used 667K [0x00000000d5580000, 0x00000000d6480000, 0x0000000100000000)
  eden space 8704K, 0% used [0x00000000d5580000,0x00000000d5580000,0x00000000d5e00000)
  from space 1024K, 65% used [0x00000000d6280000,0x00000000d6326de8,0x00000000d6380000)
  to   space 1024K, 0% used [0x00000000d6380000,0x00000000d6380000,0x00000000d6480000)
 ParOldGen       total 626688K, used 626667K [0x0000000080000000, 0x00000000a6400000, 0x00000000d5580000)
  object space 626688K, 99% used [0x0000000080000000,0x00000000a63faec0,0x00000000a6400000)
 Metaspace       used 82810K, committed 84416K, reserved 1179648K
  class space    used 8539K, committed 9280K, reserved 1048576K
}
Event: 87785.677 GC heap before
{Heap before GC invocations=714 (full 4):
 PSYoungGen      total 9728K, used 9371K [0x00000000d5580000, 0x00000000d6480000, 0x0000000100000000)
  eden space 8704K, 100% used [0x00000000d5580000,0x00000000d5e00000,0x00000000d5e00000)
  from space 1024K, 65% used [0x00000000d6280000,0x00000000d6326de8,0x00000000d6380000)
  to   space 1024K, 0% used [0x00000000d6380000,0x00000000d6380000,0x00000000d6480000)
 ParOldGen       total 626688K, used 626667K [0x0000000080000000, 0x00000000a6400000, 0x00000000d5580000)
  object space 626688K, 99% used [0x0000000080000000,0x00000000a63faec0,0x00000000a6400000)
 Metaspace       used 83113K, committed 84800K, reserved 1179648K
  class space    used 8588K, committed 9344K, reserved 1048576K
}
Event: 87785.833 GC heap after
{Heap after GC invocations=714 (full 4):
 PSYoungGen      total 9728K, used 1022K [0x00000000d5580000, 0x00000000d6480000, 0x0000000100000000)
  eden space 8704K, 0% used [0x00000000d5580000,0x00000000d5580000,0x00000000d5e00000)
  from space 1024K, 99% used [0x00000000d6380000,0x00000000d647fb50,0x00000000d6480000)
  to   space 2048K, 0% used [0x00000000d6080000,0x00000000d6080000,0x00000000d6280000)
 ParOldGen       total 627200K, used 627188K [0x0000000080000000, 0x00000000a6480000, 0x00000000d5580000)
  object space 627200K, 99% used [0x0000000080000000,0x00000000a647d300,0x00000000a6480000)
 Metaspace       used 83113K, committed 84800K, reserved 1179648K
  class space    used 8588K, committed 9344K, reserved 1048576K
}
Event: 87786.009 GC heap before
{Heap before GC invocations=715 (full 4):
 PSYoungGen      total 9728K, used 9726K [0x00000000d5580000, 0x00000000d6480000, 0x0000000100000000)
  eden space 8704K, 99% used [0x00000000d5580000,0x00000000d5dffff8,0x00000000d5e00000)
  from space 1024K, 99% used [0x00000000d6380000,0x00000000d647fb50,0x00000000d6480000)
  to   space 2048K, 0% used [0x00000000d6080000,0x00000000d6080000,0x00000000d6280000)
 ParOldGen       total 627200K, used 627188K [0x0000000080000000, 0x00000000a6480000, 0x00000000d5580000)
  object space 627200K, 99% used [0x0000000080000000,0x00000000a647d300,0x00000000a6480000)
 Metaspace       used 83115K, committed 84800K, reserved 1179648K
  class space    used 8588K, committed 9344K, reserved 1048576K
}
Event: 87786.019 GC heap after
{Heap after GC invocations=715 (full 4):
 PSYoungGen      total 10752K, used 1332K [0x00000000d5580000, 0x00000000d6400000, 0x0000000100000000)
  eden space 8704K, 0% used [0x00000000d5580000,0x00000000d5580000,0x00000000d5e00000)
  from space 2048K, 65% used [0x00000000d6080000,0x00000000d61cd220,0x00000000d6280000)
  to   space 1536K, 0% used [0x00000000d6280000,0x00000000d6280000,0x00000000d6400000)
 ParOldGen       total 628224K, used 628141K [0x0000000080000000, 0x00000000a6580000, 0x00000000d5580000)
  object space 628224K, 99% used [0x0000000080000000,0x00000000a656b770,0x00000000a6580000)
 Metaspace       used 83115K, committed 84800K, reserved 1179648K
  class space    used 8588K, committed 9344K, reserved 1048576K
}
Event: 220762.777 GC heap before
{Heap before GC invocations=716 (full 4):
 PSYoungGen      total 10752K, used 9962K [0x00000000d5580000, 0x00000000d6400000, 0x0000000100000000)
  eden space 8704K, 99% used [0x00000000d5580000,0x00000000d5ded8b0,0x00000000d5e00000)
  from space 2048K, 65% used [0x00000000d6080000,0x00000000d61cd220,0x00000000d6280000)
  to   space 1536K, 0% used [0x00000000d6280000,0x00000000d6280000,0x00000000d6400000)
 ParOldGen       total 628224K, used 628141K [0x0000000080000000, 0x00000000a6580000, 0x00000000d5580000)
  object space 628224K, 99% used [0x0000000080000000,0x00000000a656b770,0x00000000a6580000)
 Metaspace       used 83473K, committed 85120K, reserved 1179648K
  class space    used 8624K, committed 9344K, reserved 1048576K
}
Event: 220763.014 GC heap after
{Heap after GC invocations=716 (full 4):
 PSYoungGen      total 9216K, used 1531K [0x00000000d5580000, 0x00000000d6900000, 0x0000000100000000)
  eden space 7680K, 0% used [0x00000000d5580000,0x00000000d5580000,0x00000000d5d00000)
  from space 1536K, 99% used [0x00000000d6280000,0x00000000d63fee40,0x00000000d6400000)
  to   space 5632K, 0% used [0x00000000d5d00000,0x00000000d5d00000,0x00000000d6280000)
 ParOldGen       total 631808K, used 631514K [0x0000000080000000, 0x00000000a6900000, 0x00000000d5580000)
  object space 631808K, 99% used [0x0000000080000000,0x00000000a68b6b30,0x00000000a6900000)
 Metaspace       used 83473K, committed 85120K, reserved 1179648K
  class space    used 8624K, committed 9344K, reserved 1048576K
}
Event: 220772.308 GC heap before
{Heap before GC invocations=717 (full 4):
 PSYoungGen      total 9216K, used 9211K [0x00000000d5580000, 0x00000000d6900000, 0x0000000100000000)
  eden space 7680K, 100% used [0x00000000d5580000,0x00000000d5d00000,0x00000000d5d00000)
  from space 1536K, 99% used [0x00000000d6280000,0x00000000d63fee40,0x00000000d6400000)
  to   space 5632K, 0% used [0x00000000d5d00000,0x00000000d5d00000,0x00000000d6280000)
 ParOldGen       total 631808K, used 631514K [0x0000000080000000, 0x00000000a6900000, 0x00000000d5580000)
  object space 631808K, 99% used [0x0000000080000000,0x00000000a68b6b30,0x00000000a6900000)
 Metaspace       used 83561K, committed 85248K, reserved 1179648K
  class space    used 8647K, committed 9408K, reserved 1048576K
}
Event: 220772.411 GC heap after
{Heap after GC invocations=717 (full 4):
 PSYoungGen      total 11264K, used 3100K [0x00000000d5580000, 0x00000000d6500000, 0x0000000100000000)
  eden space 7680K, 0% used [0x00000000d5580000,0x00000000d5580000,0x00000000d5d00000)
  from space 3584K, 86% used [0x00000000d5d00000,0x00000000d6007340,0x00000000d6080000)
  to   space 4096K, 0% used [0x00000000d6100000,0x00000000d6100000,0x00000000d6500000)
 ParOldGen       total 633344K, used 632962K [0x0000000080000000, 0x00000000a6a80000, 0x00000000d5580000)
  object space 633344K, 99% used [0x0000000080000000,0x00000000a6a209e0,0x00000000a6a80000)
 Metaspace       used 83561K, committed 85248K, reserved 1179648K
  class space    used 8647K, committed 9408K, reserved 1048576K
}

Dll operation events (12 events):
Event: 0.022 Loaded shared library c:\Users\mguel\.vscode\extensions\redhat.java-1.55.0-win32-x64\jre\21.0.11-win32-x86_64\bin\java.dll
Event: 0.111 Loaded shared library c:\Users\mguel\.vscode\extensions\redhat.java-1.55.0-win32-x64\jre\21.0.11-win32-x86_64\bin\zip.dll
Event: 0.145 Loaded shared library C:\Users\mguel\.vscode\extensions\redhat.java-1.55.0-win32-x64\jre\21.0.11-win32-x86_64\bin\instrument.dll
Event: 0.152 Loaded shared library C:\Users\mguel\.vscode\extensions\redhat.java-1.55.0-win32-x64\jre\21.0.11-win32-x86_64\bin\net.dll
Event: 0.156 Loaded shared library C:\Users\mguel\.vscode\extensions\redhat.java-1.55.0-win32-x64\jre\21.0.11-win32-x86_64\bin\nio.dll
Event: 0.162 Loaded shared library C:\Users\mguel\.vscode\extensions\redhat.java-1.55.0-win32-x64\jre\21.0.11-win32-x86_64\bin\zip.dll
Event: 0.189 Loaded shared library C:\Users\mguel\.vscode\extensions\redhat.java-1.55.0-win32-x64\jre\21.0.11-win32-x86_64\bin\jimage.dll
Event: 0.312 Loaded shared library c:\Users\mguel\.vscode\extensions\redhat.java-1.55.0-win32-x64\jre\21.0.11-win32-x86_64\bin\verify.dll
Event: 9.620 Loaded shared library C:\Users\mguel\AppData\Roaming\Code\User\globalStorage\redhat.java\1.55.0\config_win\org.eclipse.equinox.launcher\org.eclipse.equinox.launcher.win32.win32.x86_64_1.3.100.v20260613-0559\eclipse_11924.dll
Event: 23.495 Loaded shared library C:\Users\mguel\AppData\Local\Temp\jna-103847938\jna13792995527093392784.dll
Event: 26.443 Loaded shared library C:\Users\mguel\.vscode\extensions\redhat.java-1.55.0-win32-x64\jre\21.0.11-win32-x86_64\bin\sunmscapi.dll
Event: 26.728 Loaded shared library C:\Users\mguel\.vscode\extensions\redhat.java-1.55.0-win32-x64\jre\21.0.11-win32-x86_64\bin\extnet.dll

Deoptimization events (20 events):
Event: 220772.810 Thread 0x000002574610e2e0 Uncommon trap: trap_request=0xffffffde fr.pc=0x00000257717d9cf8 relative=0x0000000000000718
Event: 220772.810 Thread 0x000002574610e2e0 Uncommon trap: reason=class_check action=maybe_recompile pc=0x00000257717d9cf8 method=org.eclipse.jdt.internal.compiler.parser.Parser.consumeRule(I)V @ 5970 c2
Event: 220772.810 Thread 0x000002574610e2e0 DEOPT PACKING pc=0x00000257717d9cf8 sp=0x0000006bdc2fd490
Event: 220772.810 Thread 0x000002574610e2e0 DEOPT UNPACKING pc=0x0000025770463aa2 sp=0x0000006bdc2fd410 mode 2
Event: 388104.907 Thread 0x000002574546f580 Uncommon trap: trap_request=0xffffffe4 fr.pc=0x000002577162b030 relative=0x0000000000000210
Event: 388104.910 Thread 0x000002574546f580 Uncommon trap: reason=range_check action=make_not_entrant pc=0x000002577162b030 method=java.util.LinkedHashMap.valuesToArray([Ljava/lang/Object;Z)[Ljava/lang/Object; @ 67 c2
Event: 388104.913 Thread 0x000002574546f580 DEOPT PACKING pc=0x000002577162b030 sp=0x0000006bdfcfe3d0
Event: 388104.918 Thread 0x000002574546f580 DEOPT UNPACKING pc=0x0000025770463aa2 sp=0x0000006bdfcfe350 mode 2
Event: 681584.282 Thread 0x0000025745469310 Uncommon trap: trap_request=0xffffffd6 fr.pc=0x00000257717f43bc relative=0x00000000000002fc
Event: 681584.282 Thread 0x0000025745469310 Uncommon trap: reason=array_check action=maybe_recompile pc=0x00000257717f43bc method=java.util.concurrent.ScheduledThreadPoolExecutor$DelayedWorkQueue.offer(Ljava/lang/Runnable;)Z @ 65 c2
Event: 681584.282 Thread 0x0000025745469310 DEOPT PACKING pc=0x00000257717f43bc sp=0x0000006bdfaff250
Event: 681584.284 Thread 0x0000025745469310 DEOPT UNPACKING pc=0x0000025770463aa2 sp=0x0000006bdfaff1c0 mode 2
Event: 681590.175 Thread 0x000002577f019ab0 Uncommon trap: trap_request=0xffffffd6 fr.pc=0x00000257717f43bc relative=0x00000000000002fc
Event: 681590.175 Thread 0x000002577f019ab0 Uncommon trap: reason=array_check action=maybe_recompile pc=0x00000257717f43bc method=java.util.concurrent.ScheduledThreadPoolExecutor$DelayedWorkQueue.offer(Ljava/lang/Runnable;)Z @ 65 c2
Event: 681590.175 Thread 0x000002577f019ab0 DEOPT PACKING pc=0x00000257717f43bc sp=0x0000006bdd9feeb0
Event: 681590.177 Thread 0x000002577f019ab0 DEOPT UNPACKING pc=0x0000025770463aa2 sp=0x0000006bdd9fee20 mode 2
Event: 681594.314 Thread 0x0000025745469310 Uncommon trap: trap_request=0xffffffd6 fr.pc=0x00000257717f43bc relative=0x00000000000002fc
Event: 681594.314 Thread 0x0000025745469310 Uncommon trap: reason=array_check action=maybe_recompile pc=0x00000257717f43bc method=java.util.concurrent.ScheduledThreadPoolExecutor$DelayedWorkQueue.offer(Ljava/lang/Runnable;)Z @ 65 c2
Event: 681594.314 Thread 0x0000025745469310 DEOPT PACKING pc=0x00000257717f43bc sp=0x0000006bdfaff250
Event: 681594.314 Thread 0x0000025745469310 DEOPT UNPACKING pc=0x0000025770463aa2 sp=0x0000006bdfaff1c0 mode 2

Classes loaded (20 events):
Event: 86144.078 Loading class jdk/internal/module/IllegalAccessLogger
Event: 86144.078 Loading class jdk/internal/module/IllegalAccessLogger done
Event: 86182.363 Loading class jdk/internal/module/IllegalAccessLogger
Event: 86182.363 Loading class jdk/internal/module/IllegalAccessLogger done
Event: 86183.644 Loading class jdk/internal/module/IllegalAccessLogger
Event: 86183.644 Loading class jdk/internal/module/IllegalAccessLogger done
Event: 86310.809 Loading class jdk/internal/module/IllegalAccessLogger
Event: 86310.810 Loading class jdk/internal/module/IllegalAccessLogger done
Event: 86809.945 Loading class jdk/internal/module/IllegalAccessLogger
Event: 86809.945 Loading class jdk/internal/module/IllegalAccessLogger done
Event: 86814.652 Loading class jdk/internal/module/IllegalAccessLogger
Event: 86814.652 Loading class jdk/internal/module/IllegalAccessLogger done
Event: 86828.158 Loading class jdk/internal/module/IllegalAccessLogger
Event: 86828.158 Loading class jdk/internal/module/IllegalAccessLogger done
Event: 86986.314 Loading class jdk/internal/module/IllegalAccessLogger
Event: 86986.314 Loading class jdk/internal/module/IllegalAccessLogger done
Event: 87172.894 Loading class java/util/function/IntPredicate
Event: 87172.895 Loading class java/util/function/IntPredicate done
Event: 87172.967 Loading class java/util/regex/Pattern$Bound
Event: 87172.968 Loading class java/util/regex/Pattern$Bound done

Classes unloaded (20 events):
Event: 85673.621 Thread 0x0000025765d86fd0 Unloading class 0x000002570100d800 'java/lang/invoke/LambdaForm$MH+0x000002570100d800'
Event: 85673.622 Thread 0x0000025765d86fd0 Unloading class 0x000002570100d400 'java/lang/invoke/LambdaForm$MH+0x000002570100d400'
Event: 85673.622 Thread 0x0000025765d86fd0 Unloading class 0x000002570100d000 'java/lang/invoke/LambdaForm$MH+0x000002570100d000'
Event: 85673.623 Thread 0x0000025765d86fd0 Unloading class 0x000002570100cc00 'java/lang/invoke/LambdaForm$MH+0x000002570100cc00'
Event: 85673.623 Thread 0x0000025765d86fd0 Unloading class 0x000002570100c800 'java/lang/invoke/LambdaForm$BMH+0x000002570100c800'
Event: 85673.623 Thread 0x0000025765d86fd0 Unloading class 0x000002570100c000 'java/lang/invoke/LambdaForm$DMH+0x000002570100c000'
Event: 85673.624 Thread 0x0000025765d86fd0 Unloading class 0x0000025701008c00 'java/lang/invoke/LambdaForm$MH+0x0000025701008c00'
Event: 85673.624 Thread 0x0000025765d86fd0 Unloading class 0x0000025701008800 'java/lang/invoke/LambdaForm$MH+0x0000025701008800'
Event: 85673.624 Thread 0x0000025765d86fd0 Unloading class 0x0000025701008400 'java/lang/invoke/LambdaForm$MH+0x0000025701008400'
Event: 85673.625 Thread 0x0000025765d86fd0 Unloading class 0x0000025701007000 'java/lang/invoke/LambdaForm$MH+0x0000025701007000'
Event: 85673.625 Thread 0x0000025765d86fd0 Unloading class 0x0000025701006800 'java/lang/invoke/LambdaForm$MH+0x0000025701006800'
Event: 85673.625 Thread 0x0000025765d86fd0 Unloading class 0x0000025701006400 'java/lang/invoke/LambdaForm$MH+0x0000025701006400'
Event: 85673.625 Thread 0x0000025765d86fd0 Unloading class 0x0000025701006000 'java/lang/invoke/LambdaForm$MH+0x0000025701006000'
Event: 85673.625 Thread 0x0000025765d86fd0 Unloading class 0x0000025701005c00 'java/lang/invoke/LambdaForm$BMH+0x0000025701005c00'
Event: 85673.625 Thread 0x0000025765d86fd0 Unloading class 0x0000025701004800 'java/lang/invoke/LambdaForm$DMH+0x0000025701004800'
Event: 85673.625 Thread 0x0000025765d86fd0 Unloading class 0x0000025701002800 'java/lang/invoke/LambdaForm$MH+0x0000025701002800'
Event: 85673.625 Thread 0x0000025765d86fd0 Unloading class 0x0000025701002400 'java/lang/invoke/LambdaForm$MH+0x0000025701002400'
Event: 85673.625 Thread 0x0000025765d86fd0 Unloading class 0x0000025701002000 'java/lang/invoke/LambdaForm$MH+0x0000025701002000'
Event: 85673.625 Thread 0x0000025765d86fd0 Unloading class 0x0000025701001800 'java/lang/invoke/LambdaForm$MH+0x0000025701001800'
Event: 85673.625 Thread 0x0000025765d86fd0 Unloading class 0x0000025701000400 'java/lang/invoke/LambdaForm$MH+0x0000025701000400'

Classes redefined (0 events):
No events

Internal exceptions (20 events):
Event: 86310.284 Thread 0x00000257453eddb0 Exception <a 'sun/nio/fs/WindowsException'{0x00000000d58f7c50}> (0x00000000d58f7c50) 
thrown [s\src\hotspot\share\prims\jni.cpp, line 520]
Event: 86310.510 Thread 0x00000257453eddb0 Exception <a 'sun/nio/fs/WindowsException'{0x00000000d5a95ec8}> (0x00000000d5a95ec8) 
thrown [s\src\hotspot\share\prims\jni.cpp, line 520]
Event: 86311.713 Thread 0x0000025747344270 Exception <a 'sun/nio/fs/WindowsException'{0x00000000d5b54130}> (0x00000000d5b54130) 
thrown [s\src\hotspot\share\prims\jni.cpp, line 520]
Event: 86311.713 Thread 0x0000025747344270 Exception <a 'sun/nio/fs/WindowsException'{0x00000000d5b54eb0}> (0x00000000d5b54eb0) 
thrown [s\src\hotspot\share\prims\jni.cpp, line 520]
Event: 86809.035 Thread 0x00000257453eddb0 Exception <a 'sun/nio/fs/WindowsException'{0x00000000d5673938}> (0x00000000d5673938) 
thrown [s\src\hotspot\share\prims\jni.cpp, line 520]
Event: 86809.611 Thread 0x00000257453eddb0 Exception <a 'sun/nio/fs/WindowsException'{0x00000000d55bec48}> (0x00000000d55bec48) 
thrown [s\src\hotspot\share\prims\jni.cpp, line 520]
Event: 86810.054 Thread 0x0000025747b34e60 Implicit null exception at 0x0000025770ceb251 to 0x0000025770ceb4c8
Event: 86810.054 Thread 0x0000025747347060 Implicit null exception at 0x0000025770ceb251 to 0x0000025770ceb4c8
Event: 86814.508 Thread 0x00000257453eddb0 Exception <a 'sun/nio/fs/WindowsException'{0x00000000d5623fd0}> (0x00000000d5623fd0) 
thrown [s\src\hotspot\share\prims\jni.cpp, line 520]
Event: 86814.861 Thread 0x00000257453eddb0 Exception <a 'sun/nio/fs/WindowsException'{0x00000000d559cc80}> (0x00000000d559cc80) 
thrown [s\src\hotspot\share\prims\jni.cpp, line 520]
Event: 86827.799 Thread 0x00000257453eddb0 Exception <a 'sun/nio/fs/WindowsException'{0x00000000d586fd48}> (0x00000000d586fd48) 
thrown [s\src\hotspot\share\prims\jni.cpp, line 520]
Event: 86828.152 Thread 0x00000257453eddb0 Exception <a 'sun/nio/fs/WindowsException'{0x00000000d56be6f0}> (0x00000000d56be6f0) 
thrown [s\src\hotspot\share\prims\jni.cpp, line 520]
Event: 86985.952 Thread 0x00000257453eddb0 Exception <a 'sun/nio/fs/WindowsException'{0x00000000d558eb00}> (0x00000000d558eb00) 
thrown [s\src\hotspot\share\prims\jni.cpp, line 520]
Event: 86986.260 Thread 0x00000257453eddb0 Exception <a 'sun/nio/fs/WindowsException'{0x00000000d5626478}> (0x00000000d5626478) 
thrown [s\src\hotspot\share\prims\jni.cpp, line 520]
Event: 87109.189 Thread 0x000002574546e860 Exception <a 'sun/nio/fs/WindowsException'{0x00000000d5c061f0}> (0x00000000d5c061f0) 
thrown [s\src\hotspot\share\prims\jni.cpp, line 520]
Event: 87109.192 Thread 0x000002574546e860 Exception <a 'sun/nio/fs/WindowsException'{0x00000000d5c06cf8}> (0x00000000d5c06cf8) 
thrown [s\src\hotspot\share\prims\jni.cpp, line 520]
Event: 87171.429 Thread 0x0000025747344900 Implicit null exception at 0x0000025770f360da to 0x0000025770f36133
Event: 87172.898 Thread 0x0000025747344900 Exception <a 'java/lang/NoSuchMethodError'{0x00000000d5c14e80}: 'int java.lang.invoke.DirectMethodHandle$Holder.invokeStaticInit(java.lang.Object, int)'> (0x00000000d5c14e80) 
thrown [s\src\hotspot\share\interpreter\linkResolver.cpp, line 773]
Event: 87173.968 Thread 0x0000025747344900 Exception <a 'java/lang/NoSuchMethodError'{0x00000000d56a5488}: 'int java.lang.invoke.DirectMethodHandle$Holder.invokeSpecialIFC(java.lang.Object, java.lang.Object, int)'> (0x00000000d56a5488) 
thrown [s\src\hotspot\share\interpreter\linkResolver.cpp, line 773]
Event: 388105.041 Thread 0x000002574546f580 Exception <a 'java/lang/IncompatibleClassChangeError'{0x00000000d55d8300}: Found class java.lang.Object, but interface was expected> (0x00000000d55d8300) 
thrown [s\src\hotspot\share\interpreter\linkResolver.cpp, line 840]

ZGC Phase Switch (0 events):
No events

VM Operations (20 events):
Event: 689089.342 Executing non-safepoint VM operation: HandshakeAllThreads (HandshakeForDeflation)
Event: 689089.343 Executing non-safepoint VM operation: HandshakeAllThreads (HandshakeForDeflation) done
Event: 689089.343 Executing non-safepoint VM operation: RendezvousGCThreads
Event: 689089.343 Executing non-safepoint VM operation: RendezvousGCThreads done
Event: 741112.133 Executing non-safepoint VM operation: HandshakeAllThreads (HandshakeForDeflation)
Event: 741112.708 Executing non-safepoint VM operation: HandshakeAllThreads (HandshakeForDeflation) done
Event: 741112.709 Executing non-safepoint VM operation: RendezvousGCThreads
Event: 741112.709 Executing non-safepoint VM operation: RendezvousGCThreads done
Event: 742158.349 Executing non-safepoint VM operation: HandshakeAllThreads (HandshakeForDeflation)
Event: 742158.367 Executing non-safepoint VM operation: HandshakeAllThreads (HandshakeForDeflation) done
Event: 742158.367 Executing non-safepoint VM operation: RendezvousGCThreads
Event: 742158.367 Executing non-safepoint VM operation: RendezvousGCThreads done
Event: 742278.756 Executing non-safepoint VM operation: HandshakeAllThreads (HandshakeForDeflation)
Event: 742278.756 Executing non-safepoint VM operation: HandshakeAllThreads (HandshakeForDeflation) done
Event: 742278.756 Executing non-safepoint VM operation: RendezvousGCThreads
Event: 742278.756 Executing non-safepoint VM operation: RendezvousGCThreads done
Event: 742338.882 Executing non-safepoint VM operation: HandshakeAllThreads (HandshakeForDeflation)
Event: 742338.882 Executing non-safepoint VM operation: HandshakeAllThreads (HandshakeForDeflation) done
Event: 742338.882 Executing non-safepoint VM operation: RendezvousGCThreads
Event: 742338.882 Executing non-safepoint VM operation: RendezvousGCThreads done

Memory protections (0 events):
No events

Nmethod flushes (20 events):
Event: 85675.302 Thread 0x0000025765d86fd0 flushing  nmethod 0x0000025769b9b010
Event: 85675.302 Thread 0x0000025765d86fd0 flushing  nmethod 0x0000025769b9c510
Event: 85675.302 Thread 0x0000025765d86fd0 flushing  nmethod 0x0000025769b9e790
Event: 85675.303 Thread 0x0000025765d86fd0 flushing  nmethod 0x0000025769ba8210
Event: 85675.303 Thread 0x0000025765d86fd0 flushing  nmethod 0x0000025769baa010
Event: 85675.303 Thread 0x0000025765d86fd0 flushing  nmethod 0x0000025769baba10
Event: 85675.303 Thread 0x0000025765d86fd0 flushing  nmethod 0x0000025769bada10
Event: 85675.304 Thread 0x0000025765d86fd0 flushing  nmethod 0x0000025769bade90
Event: 85675.304 Thread 0x0000025765d86fd0 flushing  nmethod 0x0000025769bb1f90
Event: 85675.304 Thread 0x0000025765d86fd0 flushing  nmethod 0x0000025769bb3410
Event: 85675.304 Thread 0x0000025765d86fd0 flushing osr nmethod 0x0000025769bca790
Event: 85675.304 Thread 0x0000025765d86fd0 flushing  nmethod 0x0000025769bde190
Event: 85675.304 Thread 0x0000025765d86fd0 flushing  nmethod 0x0000025769bfcb10
Event: 85675.304 Thread 0x0000025765d86fd0 flushing  nmethod 0x0000025769c01190
Event: 85675.304 Thread 0x0000025765d86fd0 flushing  nmethod 0x0000025769c0c090
Event: 85675.304 Thread 0x0000025765d86fd0 flushing  nmethod 0x0000025769c62510
Event: 85675.305 Thread 0x0000025765d86fd0 flushing  nmethod 0x000002576ac17d90
Event: 85675.305 Thread 0x0000025765d86fd0 flushing  nmethod 0x000002576afe8c10
Event: 85675.305 Thread 0x0000025765d86fd0 flushing  nmethod 0x000002576b067590
Event: 85675.305 Thread 0x0000025765d86fd0 flushing  nmethod 0x000002576b06a910

Events (20 events):
Event: 87474.045 Thread 0x0000025747347d80 Thread exited: 0x0000025747347d80
Event: 87534.054 Thread 0x0000025747345620 Thread exited: 0x0000025747345620
Event: 87784.987 Thread 0x000002574546f580 Thread added: 0x000002574610c8a0
Event: 87785.168 Thread 0x000002574546f580 Thread added: 0x000002574610dc50
Event: 87785.172 Thread 0x000002574546f580 Thread added: 0x000002574610e2e0
Event: 87785.226 Thread 0x000002574546f580 Thread added: 0x000002574610f000
Event: 87785.229 Thread 0x000002574546f580 Thread added: 0x000002574610bb80
Event: 87786.529 Thread 0x000002577d9f6a60 Thread added: 0x00000257472f3600
Event: 87791.698 Thread 0x00000257472f3600 Thread exited: 0x00000257472f3600
Event: 87846.049 Thread 0x000002574610f000 Thread exited: 0x000002574610f000
Event: 87906.055 Thread 0x000002574610e2e0 Thread exited: 0x000002574610e2e0
Event: 87966.055 Thread 0x000002574610bb80 Thread exited: 0x000002574610bb80
Event: 88026.059 Thread 0x000002574610c8a0 Thread exited: 0x000002574610c8a0
Event: 88086.070 Thread 0x000002574610dc50 Thread exited: 0x000002574610dc50
Event: 220754.873 Thread 0x000002574546f580 Thread added: 0x000002574610e2e0
Event: 220755.819 Thread 0x000002574610e2e0 Thread added: 0x000002574610dc50
Event: 220755.821 Thread 0x000002574610e2e0 Thread added: 0x000002574610f000
Event: 220833.162 Thread 0x000002574610e2e0 Thread exited: 0x000002574610e2e0
Event: 220893.666 Thread 0x000002574610f000 Thread exited: 0x000002574610f000
Event: 221055.879 Thread 0x000002574610dc50 Thread exited: 0x000002574610dc50


Dynamic libraries:
0x00007ff6a1150000 - 0x00007ff6a115e000 	c:\Users\mguel\.vscode\extensions\redhat.java-1.55.0-win32-x64\jre\21.0.11-win32-x86_64\bin\java.exe
0x00007ffd09e60000 - 0x00007ffd0a0c6000 	C:\WINDOWS\SYSTEM32\ntdll.dll
0x00007ffd09a30000 - 0x00007ffd09af9000 	C:\WINDOWS\System32\KERNEL32.DLL
0x00007ffd07650000 - 0x00007ffd07a4f000 	C:\WINDOWS\System32\KERNELBASE.dll
0x00007ffd039b0000 - 0x00007ffd03a4f000 	C:\WINDOWS\SYSTEM32\apphelp.dll
0x00007ffd07200000 - 0x00007ffd0734c000 	C:\WINDOWS\System32\ucrtbase.dll
0x00007ffcfcb10000 - 0x00007ffcfcb2e000 	c:\Users\mguel\.vscode\extensions\redhat.java-1.55.0-win32-x64\jre\21.0.11-win32-x86_64\bin\VCRUNTIME140.dll
0x00007ffcfcac0000 - 0x00007ffcfcad8000 	c:\Users\mguel\.vscode\extensions\redhat.java-1.55.0-win32-x64\jre\21.0.11-win32-x86_64\bin\jli.dll
0x00007ffd07bf0000 - 0x00007ffd07db6000 	C:\WINDOWS\System32\USER32.dll
0x00007ffcf4460000 - 0x00007ffcf46f1000 	C:\WINDOWS\WinSxS\amd64_microsoft.windows.common-controls_6595b64144ccf1df_6.0.26100.8972_none_3e0da176e32f9d4b\COMCTL32.dll
0x00007ffd07420000 - 0x00007ffd07447000 	C:\WINDOWS\System32\win32u.dll
0x00007ffd07f30000 - 0x00007ffd07fd9000 	C:\WINDOWS\System32\msvcrt.dll
0x00007ffd07b90000 - 0x00007ffd07bbb000 	C:\WINDOWS\System32\GDI32.dll
0x00007ffd07a60000 - 0x00007ffd07b89000 	C:\WINDOWS\System32\gdi32full.dll
0x00007ffd07510000 - 0x00007ffd075b3000 	C:\WINDOWS\System32\msvcp_win.dll
0x00007ffd09b00000 - 0x00007ffd09b32000 	C:\WINDOWS\System32\IMM32.DLL
0x00007ffd04760000 - 0x00007ffd0476c000 	c:\Users\mguel\.vscode\extensions\redhat.java-1.55.0-win32-x64\jre\21.0.11-win32-x86_64\bin\vcruntime140_1.dll
0x00007ffcda8b0000 - 0x00007ffcda93d000 	c:\Users\mguel\.vscode\extensions\redhat.java-1.55.0-win32-x64\jre\21.0.11-win32-x86_64\bin\msvcp140.dll
0x00007ffbf7090000 - 0x00007ffbf7e32000 	c:\Users\mguel\.vscode\extensions\redhat.java-1.55.0-win32-x64\jre\21.0.11-win32-x86_64\bin\server\jvm.dll
0x00007ffd08910000 - 0x00007ffd089cc000 	C:\WINDOWS\System32\ADVAPI32.dll
0x00007ffd09630000 - 0x00007ffd096da000 	C:\WINDOWS\System32\sechost.dll
0x00007ffd09910000 - 0x00007ffd09a28000 	C:\WINDOWS\System32\RPCRT4.dll
0x00007ffd08cc0000 - 0x00007ffd08d42000 	C:\WINDOWS\System32\WS2_32.dll
0x00007ffd06ed0000 - 0x00007ffd06f2e000 	C:\WINDOWS\SYSTEM32\POWRPROF.dll
0x00007ffcff570000 - 0x00007ffcff5a6000 	C:\WINDOWS\SYSTEM32\WINMM.dll
0x00007ffcff5b0000 - 0x00007ffcff5bb000 	C:\WINDOWS\SYSTEM32\VERSION.dll
0x00007ffd06eb0000 - 0x00007ffd06ec5000 	C:\WINDOWS\SYSTEM32\UMPDC.dll
0x00007ffd05d60000 - 0x00007ffd05d7b000 	C:\WINDOWS\SYSTEM32\kernel.appcore.dll
0x00007ffd046e0000 - 0x00007ffd046ea000 	c:\Users\mguel\.vscode\extensions\redhat.java-1.55.0-win32-x64\jre\21.0.11-win32-x86_64\bin\jimage.dll
0x00007ffd04450000 - 0x00007ffd04692000 	C:\WINDOWS\SYSTEM32\DBGHELP.DLL
0x00007ffd08d70000 - 0x00007ffd090f5000 	C:\WINDOWS\System32\combase.dll
0x00007ffd07e50000 - 0x00007ffd07f29000 	C:\WINDOWS\System32\OLEAUT32.dll
0x00007ffcf5d30000 - 0x00007ffcf5d6b000 	C:\WINDOWS\SYSTEM32\dbgcore.DLL
0x00007ffd07360000 - 0x00007ffd0740c000 	C:\WINDOWS\System32\bcryptPrimitives.dll
0x00007ffd043b0000 - 0x00007ffd043bf000 	c:\Users\mguel\.vscode\extensions\redhat.java-1.55.0-win32-x64\jre\21.0.11-win32-x86_64\bin\instrument.dll
0x00007ffcfc9e0000 - 0x00007ffcfca00000 	c:\Users\mguel\.vscode\extensions\redhat.java-1.55.0-win32-x64\jre\21.0.11-win32-x86_64\bin\java.dll
0x00007ffd07fe0000 - 0x00007ffd08768000 	C:\WINDOWS\System32\SHELL32.dll
0x00007ffd04af0000 - 0x00007ffd0538b000 	C:\WINDOWS\SYSTEM32\windows.storage.dll
0x00007ffd08b50000 - 0x00007ffd08c49000 	C:\WINDOWS\System32\SHCORE.dll
0x00007ffd08c50000 - 0x00007ffd08cb6000 	C:\WINDOWS\System32\shlwapi.dll
0x00007ffd06f90000 - 0x00007ffd06fb9000 	C:\WINDOWS\SYSTEM32\profapi.dll
0x00007ffcfc970000 - 0x00007ffcfc988000 	c:\Users\mguel\.vscode\extensions\redhat.java-1.55.0-win32-x64\jre\21.0.11-win32-x86_64\bin\zip.dll
0x00007ffd03930000 - 0x00007ffd03940000 	C:\Users\mguel\.vscode\extensions\redhat.java-1.55.0-win32-x64\jre\21.0.11-win32-x86_64\bin\net.dll
0x00007ffd01110000 - 0x00007ffd01238000 	C:\WINDOWS\SYSTEM32\WINHTTP.dll
0x00007ffd06310000 - 0x00007ffd0637c000 	C:\WINDOWS\system32\mswsock.dll
0x00007ffcf8d90000 - 0x00007ffcf8da6000 	C:\Users\mguel\.vscode\extensions\redhat.java-1.55.0-win32-x64\jre\21.0.11-win32-x86_64\bin\nio.dll
0x00007ffcfcaf0000 - 0x00007ffcfcb00000 	c:\Users\mguel\.vscode\extensions\redhat.java-1.55.0-win32-x64\jre\21.0.11-win32-x86_64\bin\verify.dll
0x00007ffcdf4e0000 - 0x00007ffcdf525000 	C:\Users\mguel\AppData\Roaming\Code\User\globalStorage\redhat.java\1.55.0\config_win\org.eclipse.equinox.launcher\org.eclipse.equinox.launcher.win32.win32.x86_64_1.3.100.v20260613-0559\eclipse_11924.dll
0x00007ffd08770000 - 0x00007ffd08909000 	C:\WINDOWS\System32\ole32.dll
0x00007ffd06600000 - 0x00007ffd0661b000 	C:\WINDOWS\SYSTEM32\CRYPTSP.dll
0x00007ffd05cc0000 - 0x00007ffd05cf9000 	C:\WINDOWS\system32\rsaenh.dll
0x00007ffd063c0000 - 0x00007ffd063f2000 	C:\WINDOWS\SYSTEM32\USERENV.dll
0x00007ffd06f60000 - 0x00007ffd06f8a000 	C:\WINDOWS\SYSTEM32\bcrypt.dll
0x00007ffd06620000 - 0x00007ffd0662c000 	C:\WINDOWS\SYSTEM32\CRYPTBASE.dll
0x00007ffd05740000 - 0x00007ffd05773000 	C:\WINDOWS\SYSTEM32\IPHLPAPI.DLL
0x00007ffd09d90000 - 0x00007ffd09d9a000 	C:\WINDOWS\System32\NSI.dll
0x00007ffcdaa00000 - 0x00007ffcdaa49000 	C:\Users\mguel\AppData\Local\Temp\jna-103847938\jna13792995527093392784.dll
0x00007ffd07bc0000 - 0x00007ffd07bc8000 	C:\WINDOWS\System32\PSAPI.DLL
0x00007ffd014c0000 - 0x00007ffd014dd000 	C:\WINDOWS\SYSTEM32\dhcpcsvc6.DLL
0x00007ffd01360000 - 0x00007ffd01385000 	C:\WINDOWS\SYSTEM32\dhcpcsvc.DLL
0x00007ffcfbb90000 - 0x00007ffcfbb9e000 	C:\Users\mguel\.vscode\extensions\redhat.java-1.55.0-win32-x64\jre\21.0.11-win32-x86_64\bin\sunmscapi.dll
0x00007ffd07070000 - 0x00007ffd071ee000 	C:\WINDOWS\System32\CRYPT32.dll
0x00007ffd06840000 - 0x00007ffd06870000 	C:\WINDOWS\SYSTEM32\ncrypt.dll
0x00007ffd067f0000 - 0x00007ffd0682f000 	C:\WINDOWS\SYSTEM32\NTASN1.dll
0x00007ffd057e0000 - 0x00007ffd05938000 	C:\WINDOWS\SYSTEM32\DNSAPI.dll
0x00007ffd06110000 - 0x00007ffd0611d000 	C:\WINDOWS\SYSTEM32\DSPARSE.dll
0x00007ffd005f0000 - 0x00007ffd005fb000 	C:\Windows\System32\rasadhlp.dll
0x00007ffd014f0000 - 0x00007ffd01576000 	C:\WINDOWS\System32\fwpuclnt.dll
0x00007ffcf5dc0000 - 0x00007ffcf5dc9000 	C:\Users\mguel\.vscode\extensions\redhat.java-1.55.0-win32-x64\jre\21.0.11-win32-x86_64\bin\extnet.dll

JVMTI agents:
c:\Users\mguel\.vscode\extensions\redhat.java-1.55.0-win32-x64\lombok\lombok-1.18.39-4050.jar path:c:\Users\mguel\.vscode\extensions\redhat.java-1.55.0-win32-x64\jre\21.0.11-win32-x86_64\bin\instrument.dll, loaded, initialized, instrumentlib options:none

dbghelp: loaded successfully - version: 4.0.5 - missing functions: none
symbol engine: initialized successfully - sym options: 0x614 - pdb path: .;c:\Users\mguel\.vscode\extensions\redhat.java-1.55.0-win32-x64\jre\21.0.11-win32-x86_64\bin;C:\WINDOWS\SYSTEM32;C:\WINDOWS\WinSxS\amd64_microsoft.windows.common-controls_6595b64144ccf1df_6.0.26100.8972_none_3e0da176e32f9d4b;c:\Users\mguel\.vscode\extensions\redhat.java-1.55.0-win32-x64\jre\21.0.11-win32-x86_64\bin\server;C:\Users\mguel\AppData\Roaming\Code\User\globalStorage\redhat.java\1.55.0\config_win\org.eclipse.equinox.launcher\org.eclipse.equinox.launcher.win32.win32.x86_64_1.3.100.v20260613-0559;C:\Users\mguel\AppData\Local\Temp\jna-103847938

VM Arguments:
jvm_args: --add-modules=ALL-SYSTEM --add-opens=java.base/java.util=ALL-UNNAMED --add-opens=java.base/java.lang=ALL-UNNAMED --add-opens=java.base/sun.nio.fs=ALL-UNNAMED -Declipse.application=org.eclipse.jdt.ls.core.id1 -Dosgi.bundles.defaultStartLevel=4 -Declipse.product=org.eclipse.jdt.ls.core.product -Djava.import.generatesMetadataFilesAtProjectRoot=false -DDetectVMInstallationsJob.disabled=true -Dfile.encoding=utf8 -XX:+UseParallelGC -XX:GCTimeRatio=4 -XX:AdaptiveSizePolicyWeight=90 -Dsun.zip.disableMemoryMapping=true -Xmx2G -Xms100m -Xlog:disable -javaagent:c:\Users\mguel\.vscode\extensions\redhat.java-1.55.0-win32-x64\lombok\lombok-1.18.39-4050.jar -XX:+HeapDumpOnOutOfMemoryError -XX:HeapDumpPath=c:\Users\mguel\AppData\Roaming\Code\User\workspaceStorage\75eb1f378d54a9caaceb6dd2021d188e\redhat.java -Daether.dependencyCollector.impl=bf 
java_command: c:\Users\mguel\.vscode\extensions\redhat.java-1.55.0-win32-x64\server\plugins\org.eclipse.equinox.launcher_1.7.200.v20260619-2039.jar -configuration c:\Users\mguel\AppData\Roaming\Code\User\globalStorage\redhat.java\1.55.0\config_win -data c:\Users\mguel\AppData\Roaming\Code\User\workspaceStorage\75eb1f378d54a9caaceb6dd2021d188e\redhat.java\jdt_ws --pipe=\\.\pipe\lsp-76847d1a36a28a435356e96744392c63-sock
java_class_path (initial): c:\Users\mguel\.vscode\extensions\redhat.java-1.55.0-win32-x64\server\plugins\org.eclipse.equinox.launcher_1.7.200.v20260619-2039.jar
Launcher Type: SUN_STANDARD

[Global flags]
    uintx AdaptiveSizePolicyWeight                 = 90                                        {product} {command line}
     intx CICompilerCount                          = 4                                         {product} {ergonomic}
    uintx GCTimeRatio                              = 4                                         {product} {command line}
     bool HeapDumpOnOutOfMemoryError               = true                                   {manageable} {command line}
    ccstr HeapDumpPath                             = c:\Users\mguel\AppData\Roaming\Code\User\workspaceStorage\75eb1f378d54a9caaceb6dd2021d188e\redhat.java         {manageable} {command line}
   size_t InitialHeapSize                          = 104857600                                 {product} {command line}
   size_t MaxHeapSize                              = 2147483648                                {product} {command line}
   size_t MaxNewSize                               = 715653120                                 {product} {ergonomic}
   size_t MinHeapDeltaBytes                        = 524288                                    {product} {ergonomic}
   size_t MinHeapSize                              = 104857600                                 {product} {command line}
   size_t NewSize                                  = 34603008                                  {product} {ergonomic}
    uintx NonNMethodCodeHeapSize                   = 5839372                                {pd product} {ergonomic}
    uintx NonProfiledCodeHeapSize                  = 122909434                              {pd product} {ergonomic}
   size_t OldSize                                  = 70254592                                  {product} {ergonomic}
    uintx ProfiledCodeHeapSize                     = 122909434                              {pd product} {ergonomic}
    uintx ReservedCodeCacheSize                    = 251658240                              {pd product} {ergonomic}
     bool SegmentedCodeCache                       = true                                      {product} {ergonomic}
   size_t SoftMaxHeapSize                          = 2147483648                             {manageable} {ergonomic}
     bool UseCompressedOops                        = true                           {product lp64_product} {ergonomic}
     bool UseLargePagesIndividualAllocation        = false                                  {pd product} {ergonomic}
     bool UseParallelGC                            = true                                      {product} {command line}

Logging:
Log output configuration:
 #0: stdout all=off uptime,level,tags foldmultilines=false
 #1: stderr all=off uptime,level,tags foldmultilines=false

Release file:
JAVA_VERSION="21.0.11" 
MODULES="java.base java.compiler java.datatransfer java.xml java.prefs java.desktop java.instrument java.logging java.management java.security.sasl java.naming java.rmi java.management.rmi java.net.http java.scripting java.security.jgss java.transaction.xa java.sql java.sql.rowset java.xml.crypto java.se java.smartcardio jdk.accessibility jdk.internal.jvmstat jdk.attach jdk.charsets jdk.internal.opt jdk.zipfs jdk.compiler jdk.crypto.ec jdk.crypto.cryptoki jdk.crypto.mscapi jdk.dynalink jdk.internal.ed jdk.editpad jdk.hotspot.agent jdk.httpserver jdk.internal.le jdk.internal.vm.ci jdk.internal.vm.compiler jdk.internal.vm.compiler.management jdk.jartool jdk.javadoc jdk.jcmd jdk.management jdk.management.agent jdk.jconsole jdk.jdeps jdk.jdwp.agent jdk.jdi jdk.jfr jdk.jshell jdk.jsobject jdk.jstatd jdk.localedata jdk.management.jfr jdk.naming.dns jdk.naming.rmi jdk.net jdk.nio.mapmode jdk.random jdk.sctp jdk.security.auth jdk.security.jgss jdk.unsupported jdk.unsupported.desktop jdk.xml.dom" 

Environment Variables:
PATH=C:\Python314\Scripts\;C:\Python314\;C:\Program Files\Common Files\Oracle\Java\javapath;C:\WINDOWS\system32;C:\WINDOWS;C:\WINDOWS\System32\Wbem;C:\WINDOWS\System32\WindowsPowerShell\v1.0\;C:\WINDOWS\System32\OpenSSH\;C:\Program Files\Git\cmd;C:\Program Files (x86)\Microsoft SQL Server\170\Tools\Binn\;C:\Program Files\Microsoft SQL Server\170\Tools\Binn\;C:\Program Files\Microsoft SQL Server\Client SDK\ODBC\180\Tools\Binn\;C:\Program Files\Microsoft SQL Server\170\DTS\Binn\;C:\Program Files\nodejs\;C:\ProgramData\chocolatey\bin;C:\Users\mguel\AppData\Local\Microsoft\WindowsApps;C:\Users\mguel\AppData\Local\Programs\Microsoft VS Code\bin;C:\Users\mguel\AppData\Local\Python\bin;C:\Users\mguel\AppData\Roaming\npm
USERNAME=mguel
OS=Windows_NT
PROCESSOR_IDENTIFIER=AMD64 Family 25 Model 80 Stepping 0, AuthenticAMD
TMP=C:\Users\mguel\AppData\Local\Temp
TEMP=C:\Users\mguel\AppData\Local\Temp




Periodic native trim disabled

---------------  S Y S T E M  ---------------

OS:
 Windows 11 , 64 bit Build 26100 (10.0.26100.9168)
OS uptime: 26 days 14:54 hours
Hyper-V role detected

CPU: total 12 (initial active 12) (12 cores per cpu, 2 threads per core) family 25 model 80 stepping 0 microcode 0xa50000d, cx8, cmov, fxsr, ht, mmx, 3dnowpref, sse, sse2, sse3, ssse3, sse4a, sse4.1, sse4.2, popcnt, lzcnt, tsc, tscinvbit, avx, avx2, aes, erms, clmul, bmi1, bmi2, adx, sha, fma, vzeroupper, clflush, clflushopt, hv, rdtscp, rdpid, fsrm, f16c, cet_ss
Processor Information for processor 0
  Max Mhz: 3301, Current Mhz: 1805, Mhz Limit: 3301
Processor Information for processor 1
  Max Mhz: 3301, Current Mhz: 1908, Mhz Limit: 3301
Processor Information for processor 2
  Max Mhz: 3301, Current Mhz: 1805, Mhz Limit: 3301
Processor Information for processor 3
  Max Mhz: 3301, Current Mhz: 1908, Mhz Limit: 3301
Processor Information for processor 4
  Max Mhz: 3301, Current Mhz: 1908, Mhz Limit: 3301
Processor Information for processor 5
  Max Mhz: 3301, Current Mhz: 1908, Mhz Limit: 3301
Processor Information for processor 6
  Max Mhz: 3301, Current Mhz: 1908, Mhz Limit: 3301
Processor Information for processor 7
  Max Mhz: 3301, Current Mhz: 1908, Mhz Limit: 3301
Processor Information for processor 8
  Max Mhz: 3301, Current Mhz: 1805, Mhz Limit: 3301
Processor Information for processor 9
  Max Mhz: 3301, Current Mhz: 1908, Mhz Limit: 3301
Processor Information for processor 10
  Max Mhz: 3301, Current Mhz: 1908, Mhz Limit: 3301
Processor Information for processor 11
  Max Mhz: 3301, Current Mhz: 1908, Mhz Limit: 3301

Memory: 4k page, system-wide physical 7581M (414M free)
TotalPageFile size 31133M (AvailPageFile size 30M)
current process WorkingSet (physical memory assigned to process): 11M, peak: 415M
current process commit charge ("private bytes"): 980M, peak: 985M

vm_info: OpenJDK 64-Bit Server VM (21.0.11+10-LTS) for windows-amd64 JRE (21.0.11+10-LTS), built on 2026-04-21T00:00:00Z by "admin" with MS VC++ 17.12 (VS2022)

END.
